../Core/Src/main.c:65:9:lora_read	32	static
../Core/Src/main.c:82:6:lora_write	24	static
../Core/Src/main.c:97:6:print	16	static
../Core/Src/main.c:102:6:lora_set_lora_mode	16	static
../Core/Src/main.c:131:6:lora_set_mode_tx	16	static
../Core/Src/main.c:158:5:main	584	static
../Core/Src/main.c:254:6:SystemClock_Config	88	static
../Core/Src/main.c:296:13:MX_SPI1_Init	8	static
../Core/Src/main.c:334:13:MX_USART2_UART_Init	8	static
../Core/Src/main.c:367:13:MX_GPIO_Init	40	static
../Core/Src/main.c:401:6:Error_Handler	4	static,ignoring_inline_asm
